// Vitest Snapshot v1, https://vitest.dev/guide/snapshot.html

exports[`FloweaseInfoTip > should render correctly as note 1`] = `"<div class="flowease-info-tip infoTip info note bold"><span class="iconText"><span class="flowease-text compact size-medium regular flowease-icon flowease-icon"><!----></span><span>Need help doing something?<a href="/docs" target="_blank">Open docs</a></span></span></div>"`;

exports[`FloweaseInfoTip > should render correctly as tooltip 1`] = `
"<div class="flowease-info-tip infoTip info tooltip bold">
  <flowease-tooltip-stub popperclass="tooltipPopper" role="tooltip" showafter="0" hideafter="200" autoclose="0" boundariespadding="0" gpuacceleration="true" offset="12" placement="top" popperoptions="[object Object]" strategy="absolute" effect="dark" enterable="true" pure="false" focusonshow="false" trapping="false" stoppoppermouseevent="true" virtualtriggering="false" content="" rawcontent="false" persistent="false" teleported="true" disabled="false" open="false" trigger="hover" triggerkeys="Enter,Space" arrowoffset="5" showarrow="true" justifybuttons="flex-end" buttons="" class=""></flowease-tooltip-stub>
</div>"
`;
