// Vitest Snapshot v1, https://vitest.dev/guide/snapshot.html

exports[`FloweaseInput > should render correctly 1`] = `
"<div class="el-input el-input--large flowease-input">
  <!-- input -->
  <!-- prepend slot -->
  <!--v-if-->
  <div class="el-input__wrapper">
    <!-- prefix slot -->
    <!--v-if--><input class="el-input__inner" name="input" rows="2" maxlength="Infinity" title="" type="text" autocomplete="off" tabindex="0" placeholder=""><!-- suffix slot -->
    <!--v-if-->
  </div><!-- append slot -->
  <!--v-if-->
</div>"
`;
