// Vitest Snapshot v1, https://vitest.dev/guide/snapshot.html

exports[`FLOWEASEActionBox > should render correctly 1`] = `
"<div class="flowease-action-box container" data-test-id="action-box">
  <div class="emoji">ğŸ˜¿</div>
  <div class="heading">
    <flowease-heading-stub align="center" tag="span" bold="false" size="xlarge"></flowease-heading-stub>
  </div>
  <div class="description">
    <flowease-text-stub color="text-base" bold="false" size="medium" compact="false" tag="span"></flowease-text-stub>
  </div>
  <flowease-button-stub block="false" element="button" label="Do something" square="false" active="false" disabled="false" loading="false" outline="false" size="large" text="false" type="primary"></flowease-button-stub>
  <!--v-if-->
</div>"
`;
